 KRNL32

 Timestamp is 57c2f966 (Sun Aug 28 23:47:02 2016)

 Preferred load address is c0000000

 Start         Length     Name                   Class
 0001:00000000 00000016H .text$di                CODE
 0001:00000016 00002fc2H .text$mn                CODE
 0001:00002fd8 0000000aH .text$yd                CODE
 0002:00000000 000006e4H .rdata                  DATA
 0002:000006e4 00000130H .rdata$zzzdbg           DATA
 0003:00000000 00000004H .CRT$XCA                DATA
 0003:00000004 00000004H .CRT$XCU                DATA
 0003:00000008 00000004H .CRT$XCZ                DATA
 0003:0000000c 0000002cH .data                   DATA
 0003:00000038 00000dacH .bss                    DATA

  Address         Publics by Value              Rva+Base       Lib:Object

 0000:00000000       ___guard_longjmp_count     00000000     <absolute>
 0000:00000000       ___guard_flags             00000000     <absolute>
 0000:00000000       ___guard_iat_table         00000000     <absolute>
 0000:00000000       ___guard_iat_count         00000000     <absolute>
 0000:00000000       ___guard_fids_count        00000000     <absolute>
 0000:00000000       ___guard_fids_table        00000000     <absolute>
 0000:00000000       ___guard_longjmp_table     00000000     <absolute>
 0001:00000016       ??0Console@@QAE@XZ         c0000416 f   Console.obj
 0001:0000006e       ??1Console@@QAE@XZ         c000046e f   Console.obj
 0001:0000006f       ?Clear@Console@@QAEXXZ     c000046f f   Console.obj
 0001:000000ab       ?MoveCursor@Console@@QAEXII@Z c00004ab f   Console.obj
 0001:0000011c       ?Print@Console@@QAAXPBDZZ  c000051c f   Console.obj
 0001:0000024e       ?SetBackColor@Console@@QAEXW4ConsoleColor@@@Z c000064e f   Console.obj
 0001:00000269       ?Write@Console@@QAEXPBD@Z  c0000669 f   Console.obj
 0001:0000028f       ?WriteChar@Console@@QAEXDW4ConsoleColor@@0@Z c000068f f   Console.obj
 0001:00000351       ?scrollup@Console@@QAEXXZ  c0000751 f   Console.obj
 0001:000003a6       ?DebugClrScr@@YAXE@Z       c00007a6 f   DebugDisplay.obj
 0001:000003d7       ?DebugGotoXY@@YAXII@Z      c00007d7 f   DebugDisplay.obj
 0001:00000421       ?DebugPutc@@YAXE@Z         c0000821 f   DebugDisplay.obj
 0001:000004da       ?DebugPuts@@YAXPAD@Z       c00008da f   DebugDisplay.obj
 0001:0000050b       ?DebugUpdateCur@@YAXHH@Z   c000090b f   DebugDisplay.obj
 0001:0000054e       ?kernel_panic@@YAXPBDZZ    c000094e f   DebugDisplay.obj
 0001:0000058e       ?scroll@@YAXXZ             c000098e f   DebugDisplay.obj
 0001:000005f2       _DebugPrintf               c00009f2 f   DebugDisplay.obj
 0001:00000718       ?dma_mask_channel@@YAXE@Z  c0000b18 f   dma.obj
 0001:00000746       ?dma_reset@@YAXH@Z         c0000b46 f   dma.obj
 0001:00000755       ?dma_reset_flipflop@@YAXH@Z c0000b55 f   dma.obj
 0001:0000077d       ?dma_set_address@@YAXEEE@Z c0000b7d f   dma.obj
 0001:000007f9       ?dma_set_count@@YAXEEE@Z   c0000bf9 f   dma.obj
 0001:00000879       ?dma_set_mode@@YAXEE@Z     c0000c79 f   dma.obj
 0001:000008c2       ?dma_set_read@@YAXE@Z      c0000cc2 f   dma.obj
 0001:000008d0       ?dma_unmask_all@@YAXH@Z    c0000cd0 f   dma.obj
 0001:000008e2       ?kernel_entry@@YAXPAUmultiboot_info@@@Z c0000ce2 f   entry.obj
 0001:00000924       ?alignment_check_fault@@YAXIIII@Z c0000d24 f   exception.obj
 0001:00000935       ?bounds_check_fault@@YAXIII@Z c0000d35 f   exception.obj
 0001:00000946       ?breakpoint_trap@@YAXIII@Z c0000d46 f   exception.obj
 0001:00000957       ?divide_by_zero_fault@@YAXIIII@Z c0000d57 f   exception.obj
 0001:0000097f       ?double_fault_abort@@YAXIIII@Z c0000d7f f   exception.obj
 0001:00000990       ?fpu_fault@@YAXIII@Z       c0000d90 f   exception.obj
 0001:000009a1       ?general_protection_fault@@YAXIIII@Z c0000da1 f   exception.obj
 0001:000009b2       ?invalid_opcode_fault@@YAXIII@Z c0000db2 f   exception.obj
 0001:000009c3       ?invalid_tss_fault@@YAXIIII@Z c0000dc3 f   exception.obj
 0001:000009d4       ?machine_check_abort@@YAXIII@Z c0000dd4 f   exception.obj
 0001:000009e5       ?nmi_trap@@YAXIII@Z        c0000de5 f   exception.obj
 0001:000009f6       ?no_device_fault@@YAXIII@Z c0000df6 f   exception.obj
 0001:00000a07       ?no_segment_fault@@YAXIIII@Z c0000e07 f   exception.obj
 0001:00000a18       ?overflow_trap@@YAXIII@Z   c0000e18 f   exception.obj
 0001:00000a29       ?page_fault@@YAXIIII@Z     c0000e29 f   exception.obj
 0001:00000a32       ?simd_fpu_fault@@YAXIII@Z  c0000e32 f   exception.obj
 0001:00000a43       ?single_step_trap@@YAXIII@Z c0000e43 f   exception.obj
 0001:00000a54       ?stack_fault@@YAXIIII@Z    c0000e54 f   exception.obj
 0001:00000a65       ?ToDosFileName@@YAXPBDPADI@Z c0000e65 f   fat12.obj
 0001:00000b2b       ?fsysFatClose@@YAXPAU_FILE@@@Z c0000f2b f   fat12.obj
 0001:00000b3b       ?fsysFatDirectory@@YA?AU_FILE@@PBD@Z c0000f3b f   fat12.obj
 0001:00000bea       ?fsysFatInitialize@@YAXXZ  c0000fea f   fat12.obj
 0001:00000c3e       ?fsysFatMount@@YAXXZ       c000103e f   fat12.obj
 0001:00000ca0       ?fsysFatOpen@@YA?AU_FILE@@PBD@Z c00010a0 f   fat12.obj
 0001:00000db5       ?fsysFatOpenSubDir@@YA?AU_FILE@@U1@PBD@Z c00011b5 f   fat12.obj
 0001:00000e72       ?fsysFatRead@@YAXPAU_FILE@@PAEI@Z c0001272 f   fat12.obj
 0001:00000f1f       ?dma_initialize_floppy@@YA_NPAEI@Z c000131f f   flpydsk.obj
 0001:00000f99       ?flpydsk_calibrate@@YAHE@Z c0001399 f   flpydsk.obj
 0001:00001006       ?flpydsk_check_int@@YAXPAI0@Z c0001406 f   flpydsk.obj
 0001:0000102b       ?flpydsk_control_motor@@YAX_N@Z c000142b f   flpydsk.obj
 0001:0000107f       ?flpydsk_drive_data@@YAXEEE_N@Z c000147f f   flpydsk.obj
 0001:000010bb       ?flpydsk_install@@YAXH@Z   c00014bb f   flpydsk.obj
 0001:000010e1       ?flpydsk_lba_to_chs@@YAXHPAH00@Z c00014e1 f   flpydsk.obj
 0001:00001113       ?flpydsk_read_data@@YAEXZ  c0001513 f   flpydsk.obj
 0001:00001139       ?flpydsk_read_sector@@YAPAEH@Z c0001539 f   flpydsk.obj
 0001:000011a9       ?flpydsk_read_sector_imp@@YAXEEE@Z c00015a9 f   flpydsk.obj
 0001:00001261       ?flpydsk_read_status@@YAEXZ c0001661 f   flpydsk.obj
 0001:0000126d       ?flpydsk_reset@@YAXXZ      c000166d f   flpydsk.obj
 0001:000012d5       ?flpydsk_seek@@YAHEE@Z     c00016d5 f   flpydsk.obj
 0001:00001354       ?flpydsk_send_command@@YAXE@Z c0001754 f   flpydsk.obj
 0001:0000137d       ?flpydsk_set_working_drive@@YAXE@Z c000177d f   flpydsk.obj
 0001:00001398       ?flpydsk_write_ccr@@YAXE@Z c0001798 f   flpydsk.obj
 0001:000013a9       ?flpydsk_write_dor@@YAXE@Z c00017a9 f   flpydsk.obj
 0001:000013ba       ?i86_flpy_irq@@YAXXZ       c00017ba f   flpydsk.obj
 0001:000013d8       ?volRegisterFileSystem@@YAXPAU_FILE_SYSTEM@@I@Z c00017d8 f   fsys.obj
 0001:000013fe       ?gdt_set_descriptor@@YAXI_K0EE@Z c00017fe f   GDT.obj
 0001:0000147d       ?i86_gdt_initialize@@YAHXZ c000187d f   GDT.obj
 0001:000014ff       ?InPortByte@@YAEG@Z        c00018ff f   Hal.obj
 0001:00001506       ?InPortWord@@YAGG@Z        c0001906 f   Hal.obj
 0001:0000150e       ?InterruptDone@@YAXI@Z     c000190e f   Hal.obj
 0001:00001533       ?OutPortByte@@YAXGE@Z      c0001933 f   Hal.obj
 0001:0000153e       ?setvect@@YAXHA6AXXZH@Z    c000193e f   Hal.obj
 0001:0000155b       ??0HardDiskHandler@@QAE@XZ c000195b f   Harddisk.obj
 0001:00001567       ??1HardDiskHandler@@QAE@XZ c0001967 f   Harddisk.obj
 0001:00001577       ?Add@?$Collection@PAU__HDDInfo@@@@QAEEPAU__HDDInfo@@HPAD@Z c0001977 f i Harddisk.obj
 0001:0000161e       ?Add@?$Collection@PAU__HDDInfo@@@@QAEEPAU__HDDInfo@@PAD@Z c0001a1e f i Harddisk.obj
 0001:0000165d       ?Clear@?$Collection@PAU__HDDInfo@@@@QAEXXZ c0001a5d f i Harddisk.obj
 0001:00001683       ?DoSoftwareReset@HardDiskHandler@@CAEG@Z c0001a83 f   Harddisk.obj
 0001:000016d2       ?GetTotalDevices@HardDiskHandler@@QAEEXZ c0001ad2 f   Harddisk.obj
 0001:000016d6       ?Initialize@HardDiskHandler@@QAEXXZ c0001ad6 f   Harddisk.obj
 0001:000019a9       ?IsDeviceControllerBusy@@YAEHE@Z c0001da9 f   Harddisk.obj
 0001:000019ed       ?IsDeviceDataReady@@YAEHKE@Z c0001ded f   Harddisk.obj
 0001:00001a41       ?i86_idt_initialize@@YAHG@Z c0001e41 f   IDT.obj
 0001:00001a90       ?i86_install_ir@@YAHIGGP6AXXZ@Z c0001e90 f   IDT.obj
 0001:00001b0b       ?alloc@@YAPAXIEPAUheap_t@@@Z c0001f0b f   kheap.obj
 0001:00001d04       ?create_kernel_heap@@YAPAUheap_t@@IIIEE@Z c0002104 f   kheap.obj
 0001:00001d94       ?free@@YAXPAXPAUheap_t@@@Z c0002194 f   kheap.obj
 0001:00001ecd       ?kfree@@YAXPAX@Z           c00022cd f   kheap.obj
 0001:00001ede       ?kmalloc@@YAII@Z           c00022de f   kheap.obj
 0001:00001eef       ?kmalloc_int@@YAIIHPAI@Z   c00022ef f   kheap.obj
 0001:00001f20       ?CreateKernelHeap@@YAXH@Z  c0002320 f   main.obj
 0001:00001f7c       ?InitializeFloppyDrive@@YAXXZ c000237c f   main.obj
 0001:00001f91       ?InitializeMemorySystem@@YA_NPAUmultiboot_info@@I@Z c0002391 f   main.obj
 0001:00002013       ?SetInterruptVector@@YAXXZ c0002413 f   main.obj
 0001:0000210a       ?kmain@@YAHPAUmultiboot_info@@@Z c000250a f   main.obj
 0001:0000228c       ?mmap_first_free@@YAHXZ    c000268c f   mmngr_phys.obj
 0001:000022d1       ?mmap_first_free_s@@YAHI@Z c00026d1 f   mmngr_phys.obj
 0001:0000239c       ?mmap_set@@YAXH@Z          c000279c f i mmngr_phys.obj
 0001:000023ca       ?mmap_test@@YA_NH@Z        c00027ca f i mmngr_phys.obj
 0001:000023ff       ?mmap_unset@@YAXH@Z        c00027ff f i mmngr_phys.obj
 0001:0000242d       ?pmmngr_alloc_block@@YAPAXXZ c000282d f   mmngr_phys.obj
 0001:00002466       ?pmmngr_alloc_blocks@@YAPAXI@Z c0002866 f   mmngr_phys.obj
 0001:000024d2       ?pmmngr_deinit_region@@YAXII@Z c00028d2 f   mmngr_phys.obj
 0001:00002511       ?pmmngr_init@@YAXII@Z      c0002911 f   mmngr_phys.obj
 0001:00002546       ?pmmngr_init_region@@YAXII@Z c0002946 f   mmngr_phys.obj
 0001:00002581       ?pmmngr_load_PDBR@@YAXI@Z  c0002981 f   mmngr_phys.obj
 0001:00002589       ?pmmngr_paging_enable@@YAX_N@Z c0002989 f   mmngr_phys.obj
 0001:000025ab       ?vmmngr_createPageTable@@YAHPAUpdirectory@@II@Z c00029ab f   mmngr_virtual.obj
 0001:000025f4       ?vmmngr_getPhysicalAddress@@YAPAXPAUpdirectory@@I@Z c00029f4 f   mmngr_virtual.obj
 0001:0000261b       ?vmmngr_get_directory@@YAPAUpdirectory@@XZ c0002a1b f   mmngr_virtual.obj
 0001:00002621       ?vmmngr_initialize@@YAXXZ  c0002a21 f   mmngr_virtual.obj
 0001:0000279a       ?vmmngr_mapPhysicalAddress@@YAXPAUpdirectory@@III@Z c0002b9a f   mmngr_virtual.obj
 0001:000027dd       ?vmmngr_switch_pdirectory@@YA_NPAUpdirectory@@@Z c0002bdd f i mmngr_virtual.obj
 0001:000027fc       ?insert_ordered_array@@YAXPAXPAUordered_array_t@@@Z c0002bfc f   ordered_array.obj
 0001:00002850       ?lookup_ordered_array@@YAPAXIPAUordered_array_t@@@Z c0002c50 f   ordered_array.obj
 0001:0000285e       ?place_ordered_array@@YA?AUordered_array_t@@PAXIP6AD00@Z@Z c0002c5e f   ordered_array.obj
 0001:00002892       ?remove_ordered_array@@YAXIPAUordered_array_t@@@Z c0002c92 f   ordered_array.obj
 0001:000028b1       ?i86_pic_initialize@@YAXEE@Z c0002cb1 f   pic.obj
 0001:00002908       ?i86_pic_send_command@@YAXEE@Z c0002d08 f i pic.obj
 0001:0000292c       ?GetTickCount@@YAIXZ       c0002d2c f   PIT.obj
 0001:00002932       ?SimpleSleep@@YAXH@Z       c0002d32 f   PIT.obj
 0001:00002944       ?i86_pit_initialize@@YAXXZ c0002d44 f   PIT.obj
 0001:00002956       ?i86_pit_irq@@YAXXZ        c0002d56 f   PIT.obj
 0001:00002963       ?i86_pit_send_command@@YAXE@Z c0002d63 f   PIT.obj
 0001:00002971       ?i86_pit_start_counter@@YAXIEE@Z c0002d71 f   PIT.obj
 0001:000029bf       ??0Plane@@QAE@XZ           c0002dbf f   Plane.obj
 0001:000029c8       ??1Plane@@UAE@XZ           c0002dc8 f   Plane.obj
 0001:000029cf       ??_EPlane@@UAEPAXI@Z       c0002dcf f i Plane.obj
 0001:000029cf       ??_GPlane@@UAEPAXI@Z       c0002dcf f i Plane.obj
 0001:000029ef       ?GetLocalTime@@YAXPAU_SYSTEMTIME@@@Z c0002def f   RTC.obj
 0001:00002baa       ??2@YAPAXI@Z               c0002faa f   sysapi.obj
 0001:00002baf       ??3@YAXPAXI@Z              c0002faf f   sysapi.obj
 0001:00002bba       __purecall                 c0002fba f   sysapi.obj
 0001:00002bbd       ?pd_entry_add_attrib@@YAXPAII@Z c0002fbd f i vmmngr_pde.obj
 0001:00002bbd       ?pt_entry_add_attrib@@YAXPAII@Z c0002fbd f i vmmngr_pte.obj
 0001:00002bc8       ?pd_entry_set_frame@@YAXPAII@Z c0002fc8 f i vmmngr_pde.obj
 0001:00002bc8       ?pt_entry_set_frame@@YAXPAII@Z c0002fc8 f i vmmngr_pte.obj
 0001:00002bda       ??0ZetPlane@@QAE@XZ        c0002fda f   ZetPlane.obj
 0001:00002bec       ??_EZetPlane@@UAEPAXI@Z    c0002fec f i ZetPlane.obj
 0001:00002bec       ??_GZetPlane@@UAEPAXI@Z    c0002fec f i ZetPlane.obj
 0001:00002c11       ?IsRotate@ZetPlane@@UAE_NXZ c0003011 f   ZetPlane.obj
 0001:00002c14       ?memcpy@@YAPAXPAXPBXI@Z    c0003014 f   CommonLib:string.obj
 0001:00002c38       ?memset@@YAPAXPAXDI@Z      c0003038 f   CommonLib:string.obj
 0001:00002c51       ?strchr@@YAPADPADH@Z       c0003051 f   CommonLib:string.obj
 0001:00002c6b       ?strcmp@@YAHPBD0@Z         c000306b f   CommonLib:string.obj
 0001:00002caa       ?strcpy@@YAPADPADPBD@Z     c00030aa f   CommonLib:string.obj
 0001:00002cc3       ?strlen@@YAIPBD@Z          c00030c3 f   CommonLib:string.obj
 0001:00002cd2       ?itoa@@YAXIIPAD@Z          c00030d2 f   CommonLib:sprintf.obj
 0001:00002d2e       ?itoa_s@@YAXHIPAD@Z        c000312e f   CommonLib:sprintf.obj
 0001:00002d56       ?itoa_s@@YAXIIPAD@Z        c0003156 f   CommonLib:sprintf.obj
 0001:00002d62       ?sprintf@@YAHPADPBDZZ      c0003162 f   CommonLib:sprintf.obj
 0001:00002d78       ?Exit@@YAXXZ               c0003178 f   CommonLib:cstd.obj
 0001:00002d9f       ?InitializeConstructors@@YAXXZ c000319f f   CommonLib:cstd.obj
 0001:00002db6       ?_atexit_init@@YAXXZ       c00031b6 f   CommonLib:cstd.obj
 0001:00002dcb       ?_initterm@@YAXPAP6AXXZ0@Z c00031cb f   CommonLib:cstd.obj
 0001:00002e01       _atexit                    c0003201 f   CommonLib:cstd.obj
 0001:00002e32       ?vsprintf@@YAHPADPBDPAE@Z  c0003232 f   CommonLib:stdio.obj
 0002:000002d0       __xmm@00200020002000200020002000200020 c00036d0     DebugDisplay.obj
 0002:00000678       ??_7Plane@@6B@             c0003a78     Plane.obj
 0002:00000680       ??_7ZetPlane@@6B@          c0003a80     ZetPlane.obj
 0003:00000000       ?__xc_a@@3PAP6AXXZA        c0003e00     CommonLib:cstd.obj
 0003:00000008       ?__xc_z@@3PAP6AXXZA        c0003e08     CommonLib:cstd.obj
 0003:00000014       ?IDE_CON_BSY@@3EA          c0003e14     Harddisk.obj
 0003:00000015       ?IDE_CON_DRDY@@3EA         c0003e15     Harddisk.obj
 0003:00000016       ?IDE_CON_DF@@3EA           c0003e16     Harddisk.obj
 0003:00000017       ?IDE_CON_DSC@@3EA          c0003e17     Harddisk.obj
 0003:00000018       ?IDE_CON_DRQ@@3EA          c0003e18     Harddisk.obj
 0003:00000019       ?IDE_CON_CORR@@3EA         c0003e19     Harddisk.obj
 0003:0000001a       ?IDE_CON_IDX@@3EA          c0003e1a     Harddisk.obj
 0003:00000020       ?bchars@@3PADA             c0003e20     CommonLib:sprintf.obj
 0003:00000030       __fltused                  c0003e30     CommonLib:cstd.obj
 0003:0000003c       ?g_kernelSize@@3IA         c0003e3c     entry.obj
 0003:00000040       ?_FSysFat@@3U_FILE_SYSTEM@@A c0003e40     fat12.obj
 0003:0000005c       ?_MountInfo@@3U_MOUNT_INFO@@A c0003e5c     fat12.obj
 0003:00000078       ?FAT@@3PAEA                c0003e78     fat12.obj
 0003:00000480       ?_FileSystems@@3PAPAU_FILE_SYSTEM@@A c0004280     fsys.obj
 0003:00000546       ?IDE_CON_ERR@@3EA          c0004346     Harddisk.obj
 0003:00000d50       ?kheap@@3Uheap_t@@A        c0004b50     kheap.obj
 0003:00000d70       ?systemOn@@3_NA            c0004b70     main.obj
 0003:00000d74       ?pHeapPhys@@3PAXA          c0004b74     main.obj
 0003:00000d78       ?console@@3VConsole@@A     c0004b78     main.obj
 0003:00000dac       ?_cur_directory@@3PAUpdirectory@@A c0004bac     mmngr_virtual.obj
 0003:00000db0       ?_cur_pdbr@@3IA            c0004bb0     mmngr_virtual.obj
 0003:00000db4       ?ticks@PIT@@0IA            c0004bb4     PIT.obj
 0003:00000dbc       ?tbuf@@3PADA               c0004bbc     CommonLib:sprintf.obj

 entry point at        0000:00000000

 Static symbols

 0001:00000000       ??__Econsole@@YAXXZ        c0000400 f   main.obj
 0001:000007d9       $LN16                      c0000bd9     dma.obj
 0001:00000859       $LN16                      c0000c59     dma.obj
 0001:00001a3e       ?i86_default_handler@@YAXXZ c0001e3e f   IDT.obj
 0001:00001eba       ?header_t_less_than@@YADPAX0@Z c00022ba f   kheap.obj
 0001:00002fd8       ??__Fconsole@@YAXXZ        c00033d8 f   main.obj
 0002:00000000       $SG2975                    c0003400     DebugDisplay.obj
 0002:00000198       $SG2989                    c0003598     DebugDisplay.obj
 0002:000002bc       $SG2990                    c00036bc     DebugDisplay.obj
 0002:000002e0       $SG2875                    c00036e0     entry.obj
 0002:00000318       $SG3079                    c0003718     exception.obj
 0002:00000328       $SG3088                    c0003728     exception.obj
 0002:00000338       $SG3097                    c0003738     exception.obj
 0002:00000348       $SG2938                    c0003748     exception.obj
 0002:0000038c       $SG2947                    c000378c     exception.obj
 0002:00000398       $SG2956                    c0003798     exception.obj
 0002:000003a4       $SG2965                    c00037a4     exception.obj
 0002:000003b4       $SG2974                    c00037b4     exception.obj
 0002:000003c4       $SG2983                    c00037c4     exception.obj
 0002:000003d8       $SG2992                    c00037d8     exception.obj
 0002:000003e8       $SG3001                    c00037e8     exception.obj
 0002:000003fc       $SG3011                    c00037fc     exception.obj
 0002:0000040c       $SG3021                    c000380c     exception.obj
 0002:00000418       $SG3031                    c0003818     exception.obj
 0002:00000428       $SG3041                    c0003828     exception.obj
 0002:00000434       $SG3051                    c0003834     exception.obj
 0002:00000450       $SG3069                    c0003850     exception.obj
 0002:0000045c       $SG3063                    c000385c     fat12.obj
 0002:00000464       $SG3508                    c0003864     Harddisk.obj
 0002:00000470       $SG3510                    c0003870     Harddisk.obj
 0002:00000480       $SG3512                    c0003880     Harddisk.obj
 0002:00000498       $SG3514                    c0003898     Harddisk.obj
 0002:000004b0       $SG3516                    c00038b0     Harddisk.obj
 0002:000004c4       $SG3518                    c00038c4     Harddisk.obj
 0002:000004d4       $SG3643                    c00038d4     Harddisk.obj
 0002:000004e8       $SG3645                    c00038e8     Harddisk.obj
 0002:00000504       $SG3651                    c0003904     Harddisk.obj
 0002:00000518       $SG3653                    c0003918     Harddisk.obj
 0002:00000540       $SG3656                    c0003940     Harddisk.obj
 0002:00000544       $SG3659                    c0003944     Harddisk.obj
 0002:00000548       $SG3662                    c0003948     Harddisk.obj
 0002:0000054c       ?IDE_Con_IOBases@@3QAY01$$CBGA c000394c     Harddisk.obj
 0002:0000055c       $SG2889                    c000395c     IDT.obj
 0002:00000564       $SG4281                    c0003964     main.obj
 0002:0000057c       $SG4282                    c000397c     main.obj
 0002:000005a4       $SG4283                    c00039a4     main.obj
 0002:000005bc       $SG4284                    c00039bc     main.obj
 0002:000005e0       $SG4285                    c00039e0     main.obj
 0002:00000600       $SG4286                    c0003a00     main.obj
 0002:00000604       $SG4287                    c0003a04     main.obj
 0002:00000630       $SG4288                    c0003a30     main.obj
 0002:00000634       $SG4289                    c0003a34     main.obj
 0002:00000650       $SG2877                    c0003a50     mmngr_phys.obj
 0002:00000658       $SG2879                    c0003a58     mmngr_phys.obj
 0002:00000660       $SG2891                    c0003a60     mmngr_phys.obj
 0003:00000004       ?console$initializer$@@3P6AXXZA c0003e04     main.obj
 0003:0000000c       ?video_memory@@3PAGA       c0003e0c     DebugDisplay.obj
 0003:00000010       ?sickpc@@3PADA             c0003e10     DebugDisplay.obj
 0003:0000001c       ?_syscalls@@3PAPAXA        c0003e1c     sysapi.obj
 0003:00000034       ?max_atexitlist_entries@@3IA c0003e34     CommonLib:cstd.obj
 0003:00000038       ?cursor_x@@3EA             c0003e38     DebugDisplay.obj
 0003:00000039       ?cursor_y@@3EA             c0003e39     DebugDisplay.obj
 0003:0000003a       ?_color@@3EA               c0003e3a     DebugDisplay.obj
 0003:00000478       ?_CurrentDrive@@3EA        c0004278     flpydsk.obj
 0003:00000479       ?_FloppyDiskIRQ@@3EC       c0004279     flpydsk.obj
 0003:000004e8       ?i@?1??volRegisterFileSystem@@YAXPAU_FILE_SYSTEM@@I@Z@4HA c00042e8     fsys.obj
 0003:000004f0       ?_gdt@@3PAUgdt_descriptor@@A c00042f0     GDT.obj
 0003:00000540       ?_gdtr@@3Ugdtr@@A          c0004340     GDT.obj
 0003:00000548       ?_idt@@3PAUidt_descriptor@@A c0004348     IDT.obj
 0003:00000d48       ?_idtr@@3Uidtr@@A          c0004b48     IDT.obj
 0003:00000d9c       ?_mmngr_memory_size@@3IA   c0004b9c     mmngr_phys.obj
 0003:00000da0       ?_mmngr_used_blocks@@3IA   c0004ba0     mmngr_phys.obj
 0003:00000da4       ?_mmngr_max_blocks@@3IA    c0004ba4     mmngr_phys.obj
 0003:00000da8       ?_mmngr_memory_map@@3PAIA  c0004ba8     mmngr_phys.obj
 0003:00000db8       ?_pit_ticks@@3IC           c0004bb8     PIT.obj
 0003:00000ddc       ?pf_atexitlist@@3PAP6AXXZA c0004bdc     CommonLib:cstd.obj
 0003:00000de0       ?cur_atexitlist_entries@@3IA c0004be0     CommonLib:cstd.obj
