 KRNL32

 Timestamp is 57c417a4 (Mon Aug 29 20:08:20 2016)

 Preferred load address is c0000000

 Start         Length     Name                   Class
 0001:00000000 00000016H .text$di                CODE
 0001:00000016 000041eaH .text$mn                CODE
 0001:00004200 0000000aH .text$yd                CODE
 0002:00000000 00000ba4H .rdata                  DATA
 0002:00000ba4 0000012cH .rdata$zzzdbg           DATA
 0003:00000000 00000004H .CRT$XCA                DATA
 0003:00000004 00000004H .CRT$XCU                DATA
 0003:00000008 00000004H .CRT$XCZ                DATA
 0003:00000010 0000018cH .data                   DATA
 0003:000001a0 00000e40H .bss                    DATA

  Address         Publics by Value              Rva+Base       Lib:Object

 0000:00000000       ___guard_longjmp_count     00000000     <absolute>
 0000:00000000       ___guard_fids_count        00000000     <absolute>
 0000:00000000       ___guard_flags             00000000     <absolute>
 0000:00000000       ___guard_longjmp_table     00000000     <absolute>
 0000:00000000       ___guard_iat_table         00000000     <absolute>
 0000:00000000       ___guard_iat_count         00000000     <absolute>
 0000:00000000       ___guard_fids_table        00000000     <absolute>
 0001:00000016       ??0Console@@QAE@XZ         c0000416 f   Console.obj
 0001:0000006e       ??1Console@@QAE@XZ         c000046e f   Console.obj
 0001:0000006f       ?Clear@Console@@QAEXXZ     c000046f f   Console.obj
 0001:000000ab       ?GetChar@Console@@QAE?AW4KEYCODE@@XZ c00004ab f   Console.obj
 0001:000000c4       ?GetCommand@Console@@QAEXPADH@Z c00004c4 f   Console.obj
 0001:0000015e       ?MoveCursor@Console@@QAEXII@Z c000055e f   Console.obj
 0001:000001e8       ?Print@Console@@QAAXPBDZZ  c00005e8 f   Console.obj
 0001:0000031a       ?SetBackColor@Console@@QAEXW4ConsoleColor@@@Z c000071a f   Console.obj
 0001:00000335       ?Write@Console@@QAEXPBD@Z  c0000735 f   Console.obj
 0001:0000035b       ?WriteChar@Console@@QAEXD@Z c000075b f   Console.obj
 0001:0000036d       ?WriteChar@Console@@QAEXDW4ConsoleColor@@0@Z c000076d f   Console.obj
 0001:0000042f       ?scrollup@Console@@QAEXXZ  c000082f f   Console.obj
 0001:00000484       ??0ConsoleManager@@QAE@XZ  c0000884 f   ConsoleManager.obj
 0001:0000048d       ??1ConsoleManager@@UAE@XZ  c000088d f   ConsoleManager.obj
 0001:00000494       ??_GConsoleManager@@UAEPAXI@Z c0000894 f i ConsoleManager.obj
 0001:00000494       ??_EConsoleManager@@UAEPAXI@Z c0000894 f i ConsoleManager.obj
 0001:000004b4       ?GetInstance@ProcessManager@@SAPAV1@XZ c00008b4 f i ConsoleManager.obj
 0001:000004da       ?RunCommand@ConsoleManager@@QAE_NPAD@Z c00008da f   ConsoleManager.obj
 0001:0000062c       ?SampleLoop2@@YAXXZ        c0000a2c f   ConsoleManager.obj
 0001:00000653       ?SampleLoop@@YAXXZ         c0000a53 f   ConsoleManager.obj
 0001:000006a2       ?cmd_alloc@@YAXXZ          c0000aa2 f   ConsoleManager.obj
 0001:000006f6       ?cmd_memstate@@YAXXZ       c0000af6 f   ConsoleManager.obj
 0001:00000742       ?cmd_memtask@@YAXXZ        c0000b42 f   ConsoleManager.obj
 0001:000007bd       ?cmd_proc@@YAXXZ           c0000bbd f   ConsoleManager.obj
 0001:00000812       ?cmd_read@@YAXXZ           c0000c12 f   ConsoleManager.obj
 0001:000008f8       ?go_user@@YAXXZ            c0000cf8 f   ConsoleManager.obj
 0001:00000926       ?DebugClrScr@@YAXE@Z       c0000d26 f   DebugDisplay.obj
 0001:00000957       ?DebugGotoXY@@YAXII@Z      c0000d57 f   DebugDisplay.obj
 0001:000009a1       ?DebugPutc@@YAXE@Z         c0000da1 f   DebugDisplay.obj
 0001:00000a5a       ?DebugPuts@@YAXPAD@Z       c0000e5a f   DebugDisplay.obj
 0001:00000a8b       ?DebugUpdateCur@@YAXHH@Z   c0000e8b f   DebugDisplay.obj
 0001:00000ace       ?kernel_panic@@YAXPBDZZ    c0000ece f   DebugDisplay.obj
 0001:00000b0e       ?scroll@@YAXXZ             c0000f0e f   DebugDisplay.obj
 0001:00000b72       _DebugPrintf               c0000f72 f   DebugDisplay.obj
 0001:00000c98       ?dma_mask_channel@@YAXE@Z  c0001098 f   dma.obj
 0001:00000cc6       ?dma_reset@@YAXH@Z         c00010c6 f   dma.obj
 0001:00000cd5       ?dma_reset_flipflop@@YAXH@Z c00010d5 f   dma.obj
 0001:00000cfd       ?dma_set_address@@YAXEEE@Z c00010fd f   dma.obj
 0001:00000d79       ?dma_set_count@@YAXEEE@Z   c0001179 f   dma.obj
 0001:00000df9       ?dma_set_mode@@YAXEE@Z     c00011f9 f   dma.obj
 0001:00000e42       ?dma_set_read@@YAXE@Z      c0001242 f   dma.obj
 0001:00000e50       ?dma_unmask_all@@YAXH@Z    c0001250 f   dma.obj
 0001:00000e62       ?kernel_entry@@YAXPAUmultiboot_info@@@Z c0001262 f   entry.obj
 0001:00000ea4       ?alignment_check_fault@@YAXIIII@Z c00012a4 f   exception.obj
 0001:00000eb5       ?bounds_check_fault@@YAXIII@Z c00012b5 f   exception.obj
 0001:00000ec6       ?breakpoint_trap@@YAXIII@Z c00012c6 f   exception.obj
 0001:00000ed7       ?divide_by_zero_fault@@YAXIIII@Z c00012d7 f   exception.obj
 0001:00000eff       ?double_fault_abort@@YAXIIII@Z c00012ff f   exception.obj
 0001:00000f10       ?fpu_fault@@YAXIII@Z       c0001310 f   exception.obj
 0001:00000f21       ?general_protection_fault@@YAXIIII@Z c0001321 f   exception.obj
 0001:00000f32       ?invalid_opcode_fault@@YAXIII@Z c0001332 f   exception.obj
 0001:00000f43       ?invalid_tss_fault@@YAXIIII@Z c0001343 f   exception.obj
 0001:00000f54       ?machine_check_abort@@YAXIII@Z c0001354 f   exception.obj
 0001:00000f65       ?nmi_trap@@YAXIII@Z        c0001365 f   exception.obj
 0001:00000f76       ?no_device_fault@@YAXIII@Z c0001376 f   exception.obj
 0001:00000f87       ?no_segment_fault@@YAXIIII@Z c0001387 f   exception.obj
 0001:00000f98       ?overflow_trap@@YAXIII@Z   c0001398 f   exception.obj
 0001:00000fa9       ?page_fault@@YAXIIII@Z     c00013a9 f   exception.obj
 0001:00000fb2       ?simd_fpu_fault@@YAXIII@Z  c00013b2 f   exception.obj
 0001:00000fc3       ?single_step_trap@@YAXIII@Z c00013c3 f   exception.obj
 0001:00000fd4       ?stack_fault@@YAXIIII@Z    c00013d4 f   exception.obj
 0001:00000fe5       ?ToDosFileName@@YAXPBDPADI@Z c00013e5 f   fat12.obj
 0001:000010ab       ?fsysFatClose@@YAXPAU_FILE@@@Z c00014ab f   fat12.obj
 0001:000010bb       ?fsysFatDirectory@@YA?AU_FILE@@PBD@Z c00014bb f   fat12.obj
 0001:0000116a       ?fsysFatInitialize@@YAXXZ  c000156a f   fat12.obj
 0001:000011be       ?fsysFatMount@@YAXXZ       c00015be f   fat12.obj
 0001:00001220       ?fsysFatOpen@@YA?AU_FILE@@PBD@Z c0001620 f   fat12.obj
 0001:00001335       ?fsysFatOpenSubDir@@YA?AU_FILE@@U1@PBD@Z c0001735 f   fat12.obj
 0001:000013f2       ?fsysFatRead@@YAXPAU_FILE@@PAEI@Z c00017f2 f   fat12.obj
 0001:0000149f       ?dma_initialize_floppy@@YA_NPAEI@Z c000189f f   flpydsk.obj
 0001:00001519       ?flpydsk_calibrate@@YAHE@Z c0001919 f   flpydsk.obj
 0001:00001586       ?flpydsk_check_int@@YAXPAI0@Z c0001986 f   flpydsk.obj
 0001:000015ab       ?flpydsk_control_motor@@YAX_N@Z c00019ab f   flpydsk.obj
 0001:000015ff       ?flpydsk_drive_data@@YAXEEE_N@Z c00019ff f   flpydsk.obj
 0001:0000163b       ?flpydsk_install@@YAXH@Z   c0001a3b f   flpydsk.obj
 0001:00001661       ?flpydsk_lba_to_chs@@YAXHPAH00@Z c0001a61 f   flpydsk.obj
 0001:00001693       ?flpydsk_read_data@@YAEXZ  c0001a93 f   flpydsk.obj
 0001:000016b9       ?flpydsk_read_sector@@YAPAEH@Z c0001ab9 f   flpydsk.obj
 0001:00001729       ?flpydsk_read_sector_imp@@YAXEEE@Z c0001b29 f   flpydsk.obj
 0001:000017e1       ?flpydsk_read_status@@YAEXZ c0001be1 f   flpydsk.obj
 0001:000017ed       ?flpydsk_reset@@YAXXZ      c0001bed f   flpydsk.obj
 0001:00001855       ?flpydsk_seek@@YAHEE@Z     c0001c55 f   flpydsk.obj
 0001:000018d4       ?flpydsk_send_command@@YAXE@Z c0001cd4 f   flpydsk.obj
 0001:000018fd       ?flpydsk_set_working_drive@@YAXE@Z c0001cfd f   flpydsk.obj
 0001:00001918       ?flpydsk_write_ccr@@YAXE@Z c0001d18 f   flpydsk.obj
 0001:00001929       ?flpydsk_write_dor@@YAXE@Z c0001d29 f   flpydsk.obj
 0001:0000193a       ?i86_flpy_irq@@YAXXZ       c0001d3a f   flpydsk.obj
 0001:00001958       ?volCloseFile@@YAXPAU_FILE@@@Z c0001d58 f   fsys.obj
 0001:00001974       ?volOpenFile@@YA?AU_FILE@@PBD@Z c0001d74 f   fsys.obj
 0001:000019d3       ?volReadFile@@YAXPAU_FILE@@PAEI@Z c0001dd3 f   fsys.obj
 0001:000019f9       ?volRegisterFileSystem@@YAXPAU_FILE_SYSTEM@@I@Z c0001df9 f   fsys.obj
 0001:00001a1f       ?gdt_set_descriptor@@YAXI_K0EE@Z c0001e1f f   GDT.obj
 0001:00001a9e       ?i86_gdt_initialize@@YAHXZ c0001e9e f   GDT.obj
 0001:00001b20       ?InPortByte@@YAEG@Z        c0001f20 f   Hal.obj
 0001:00001b27       ?InterruptDone@@YAXI@Z     c0001f27 f   Hal.obj
 0001:00001b4c       ?OutPortByte@@YAXGE@Z      c0001f4c f   Hal.obj
 0001:00001b57       ?setvect@@YAXHA6AXXZH@Z    c0001f57 f   Hal.obj
 0001:00001b77       ?i86_idt_initialize@@YAHG@Z c0001f77 f   IDT.obj
 0001:00001bc6       ?i86_install_ir@@YAHIGGP6AXXZ@Z c0001fc6 f   IDT.obj
 0001:00001c41       ?alloc@@YAPAXIEPAUheap_t@@@Z c0002041 f   kheap.obj
 0001:00001e3a       ?create_heap@@YAPAUheap_t@@IIIEE@Z c000223a f   kheap.obj
 0001:00001ed2       ?create_kernel_heap@@YAPAUheap_t@@IIIEE@Z c00022d2 f   kheap.obj
 0001:00001f62       ?free@@YAXPAXPAUheap_t@@@Z c0002362 f   kheap.obj
 0001:0000209b       ?kfree@@YAXPAX@Z           c000249b f   kheap.obj
 0001:000020ac       ?kmalloc@@YAII@Z           c00024ac f   kheap.obj
 0001:000020bd       ?kmalloc_int@@YAIIHPAI@Z   c00024bd f   kheap.obj
 0001:000020ee       ?i86_kybrd_irq@@YAXXZ      c00024ee f   kybrd.obj
 0001:000022aa       ?kkybrd_discard_last_key@@YAXXZ c00026aa f   kybrd.obj
 0001:000022b2       ?kkybrd_get_last_key@@YA?AW4KEYCODE@@XZ c00026b2 f   kybrd.obj
 0001:000022cc       ?kkybrd_install@@YAXH@Z    c00026cc f   kybrd.obj
 0001:0000231c       ?kkybrd_key_to_ascii@@YADW4KEYCODE@@@Z c000271c f   kybrd.obj
 0001:00002434       ?kkybrd_set_leds@@YAX_N00@Z c0002834 f   kybrd.obj
 0001:00002463       ?kybrd_enc_send_cmd@@YAXE@Z c0002863 f   kybrd.obj
 0001:0000247d       ?List_Add@@YAHPAPAUListNode@@PBDPAX@Z c000287d f   List.obj
 0001:00002530       ?List_Delete@@YAHPAPAUListNode@@PBDH@Z c0002930 f   List.obj
 0001:00002584       ?List_GetData@@YAPAXPAUListNode@@PBDH@Z c0002984 f   List.obj
 0001:000025c2       ?CreateKernelHeap@@YAXH@Z  c00029c2 f   main.obj
 0001:0000261e       ?InitializeFloppyDrive@@YAXXZ c0002a1e f   main.obj
 0001:00002633       ?InitializeMemorySystem@@YA_NPAUmultiboot_info@@I@Z c0002a33 f   main.obj
 0001:000026b5       ?SetInterruptVector@@YAXXZ c0002ab5 f   main.obj
 0001:000027ac       ?kmain@@YAHPAUmultiboot_info@@@Z c0002bac f   main.obj
 0001:00002988       ?run@@YAXXZ                c0002d88 f   main.obj
 0001:000029ec       ?mmap_first_free@@YAHXZ    c0002dec f   mmngr_phys.obj
 0001:00002a31       ?mmap_first_free_s@@YAHI@Z c0002e31 f   mmngr_phys.obj
 0001:00002afc       ?mmap_set@@YAXH@Z          c0002efc f i mmngr_phys.obj
 0001:00002b2a       ?mmap_test@@YA_NH@Z        c0002f2a f i mmngr_phys.obj
 0001:00002b5f       ?mmap_unset@@YAXH@Z        c0002f5f f i mmngr_phys.obj
 0001:00002b8d       ?pmmngr_alloc_block@@YAPAXXZ c0002f8d f   mmngr_phys.obj
 0001:00002bc6       ?pmmngr_alloc_blocks@@YAPAXI@Z c0002fc6 f   mmngr_phys.obj
 0001:00002c32       ?pmmngr_deinit_region@@YAXII@Z c0003032 f   mmngr_phys.obj
 0001:00002c71       ?pmmngr_free_block@@YAXPAX@Z c0003071 f   mmngr_phys.obj
 0001:00002c86       ?pmmngr_get_block_count@@YAIXZ c0003086 f   mmngr_phys.obj
 0001:00002c8c       ?pmmngr_get_free_block_count@@YAIXZ c000308c f   mmngr_phys.obj
 0001:00002c98       ?pmmngr_init@@YAXII@Z      c0003098 f   mmngr_phys.obj
 0001:00002ccd       ?pmmngr_init_region@@YAXII@Z c00030cd f   mmngr_phys.obj
 0001:00002d08       ?pmmngr_load_PDBR@@YAXI@Z  c0003108 f   mmngr_phys.obj
 0001:00002d10       ?pmmngr_paging_enable@@YAX_N@Z c0003110 f   mmngr_phys.obj
 0001:00002d32       ?vmmngr_createAddressSpace@@YAPAUpdirectory@@XZ c0003132 f   mmngr_virtual.obj
 0001:00002d54       ?vmmngr_createPageTable@@YAHPAUpdirectory@@II@Z c0003154 f   mmngr_virtual.obj
 0001:00002d9d       ?vmmngr_getPhysicalAddress@@YAPAXPAUpdirectory@@I@Z c000319d f   mmngr_virtual.obj
 0001:00002dc4       ?vmmngr_get_directory@@YAPAUpdirectory@@XZ c00031c4 f   mmngr_virtual.obj
 0001:00002dca       ?vmmngr_initialize@@YAXXZ  c00031ca f   mmngr_virtual.obj
 0001:00002f43       ?vmmngr_mapPhysicalAddress@@YAXPAUpdirectory@@III@Z c0003343 f   mmngr_virtual.obj
 0001:00002f86       ?vmmngr_switch_pdirectory@@YA_NPAUpdirectory@@@Z c0003386 f i mmngr_virtual.obj
 0001:00002fa5       ?vmmngr_unmapPageTable@@YAXPAUpdirectory@@I@Z c00033a5 f   mmngr_virtual.obj
 0001:00002fcc       ?vmmngr_unmapPhysicalAddress@@YAXPAUpdirectory@@I@Z c00033cc f   mmngr_virtual.obj
 0001:00002fea       ?insert_ordered_array@@YAXPAXPAUordered_array_t@@@Z c00033ea f   ordered_array.obj
 0001:0000303e       ?lookup_ordered_array@@YAPAXIPAUordered_array_t@@@Z c000343e f   ordered_array.obj
 0001:0000304c       ?place_ordered_array@@YA?AUordered_array_t@@PAXIP6AD00@Z@Z c000344c f   ordered_array.obj
 0001:00003080       ?remove_ordered_array@@YAXIPAUordered_array_t@@@Z c0003480 f   ordered_array.obj
 0001:0000309f       ?i86_pic_initialize@@YAXEE@Z c000349f f   pic.obj
 0001:000030f6       ?i86_pic_send_command@@YAXEE@Z c00034f6 f i pic.obj
 0001:0000311a       ?GetTickCount@@YAIXZ       c000351a f   PIT.obj
 0001:00003120       ?SimpleSleep@@YAXH@Z       c0003520 f   PIT.obj
 0001:00003132       ?i86_pit_initialize@@YAXXZ c0003532 f   PIT.obj
 0001:00003144       ?i86_pit_irq@@YAXXZ        c0003544 f   PIT.obj
 0001:00003151       ?i86_pit_send_command@@YAXE@Z c0003551 f   PIT.obj
 0001:0000315f       ?i86_pit_start_counter@@YAXIEE@Z c000355f f   PIT.obj
 0001:000031ad       ??0Plane@@QAE@XZ           c00035ad f   Plane.obj
 0001:000031b6       ??1Plane@@UAE@XZ           c00035b6 f   Plane.obj
 0001:000031bd       ??_GPlane@@UAEPAXI@Z       c00035bd f i Plane.obj
 0001:000031bd       ??_EPlane@@UAEPAXI@Z       c00035bd f i Plane.obj
 0001:000031dd       ??0Process@@QAE@XZ         c00035dd f   Process.obj
 0001:000031ee       ??_EProcess@@UAEPAXI@Z     c00035ee f i Process.obj
 0001:000031ee       ??_GProcess@@UAEPAXI@Z     c00035ee f i Process.obj
 0001:0000320e       ??0ProcessManager@@QAE@XZ  c000360e f   ProcessManager.obj
 0001:00003222       ??_EProcessManager@@UAEPAXI@Z c0003622 f i ProcessManager.obj
 0001:00003222       ??_GProcessManager@@UAEPAXI@Z c0003622 f i ProcessManager.obj
 0001:00003242       ?CreateMemoryProcess@ProcessManager@@QAEPAVProcess@@P6AXXZ@Z c0003642 f   ProcessManager.obj
 0001:000032ab       ?CreateMemoryThread@ProcessManager@@QAEPAVThread@@PAVProcess@@P6AXXZ@Z c00036ab f   ProcessManager.obj
 0001:00003337       ?CreateProcess@ProcessManager@@QAEPAVProcess@@PADK@Z c0003737 f   ProcessManager.obj
 0001:000033e7       ?CreateSystemProcess@ProcessManager@@QAEPAVProcess@@XZ c00037e7 f   ProcessManager.obj
 0001:00003466       ?CreateThread@ProcessManager@@QAEPAVThread@@PAVProcess@@PAU_FILE@@@Z c0003866 f   ProcessManager.obj
 0001:0000366b       ?ExecuteProcess@ProcessManager@@QAE_NPAVProcess@@@Z c0003a6b f   ProcessManager.obj
 0001:00003712       ?StartRoutine@@YAXXZ       c0003b12 f   ProcessManager.obj
 0001:00003719       ?GetLocalTime@@YAXPAU_SYSTEMTIME@@@Z c0003b19 f   RTC.obj
 0001:000038d4       ??2@YAPAXI@Z               c0003cd4 f   sysapi.obj
 0001:000038d9       ??3@YAXPAXI@Z              c0003cd9 f   sysapi.obj
 0001:000038e4       ?InitializeSysCall@@YAXXZ  c0003ce4 f   sysapi.obj
 0001:000038f9       ?syscall_dispatcher@@YAXXZ c0003cf9 f   sysapi.obj
 0001:00003943       __purecall                 c0003d43 f   sysapi.obj
 0001:00003946       ?mapKernelSpace@@YAXPAUpdirectory@@@Z c0003d46 f   task.obj
 0001:000039e8       ?validateImage@@YAHPAX@Z   c0003de8 f   task.obj
 0001:00003a45       _CreateDefaultHeap         c0003e45 f   task.obj
 0001:00003b1e       _GetSysytemTickCount       c0003f1e f   task.obj
 0001:00003b23       _MemoryAlloc               c0003f23 f   task.obj
 0001:00003b81       _MemoryFree                c0003f81 f   task.obj
 0001:00003ba8       _TerminateProcess          c0003fa8 f   task.obj
 0001:00003cdc       ??0Thread@@QAE@XZ          c00040dc f   Thread.obj
 0001:00003ce5       ??_GThread@@UAEPAXI@Z      c00040e5 f i Thread.obj
 0001:00003ce5       ??_EThread@@UAEPAXI@Z      c00040e5 f i Thread.obj
 0001:00003d08       ?install_tss@@YAXIGG@Z     c0004108 f   tss.obj
 0001:00003d7b       ?tss_set_stack@@YAXGG@Z    c000417b f   tss.obj
 0001:00003d90       ?enter_usermode@@YAXXZ     c0004190 f   user.obj
 0001:00003dbe       ?pt_entry_set_frame@@YAXPAII@Z c00041be f i vmmngr_pte.obj
 0001:00003dbe       ?pd_entry_set_frame@@YAXPAII@Z c00041be f i vmmngr_pde.obj
 0001:00003dd0       ?pt_entry_add_attrib@@YAXPAII@Z c00041d0 f i vmmngr_pte.obj
 0001:00003dd0       ?pd_entry_add_attrib@@YAXPAII@Z c00041d0 f i vmmngr_pde.obj
 0001:00003ddb       ??0ZetPlane@@QAE@XZ        c00041db f   ZetPlane.obj
 0001:00003ded       ??_EZetPlane@@UAEPAXI@Z    c00041ed f i ZetPlane.obj
 0001:00003ded       ??_GZetPlane@@UAEPAXI@Z    c00041ed f i ZetPlane.obj
 0001:00003e12       ?IsRotate@ZetPlane@@UAE_NXZ c0004212 f   ZetPlane.obj
 0001:00003e15       ?memcpy@@YAPAXPAXPBXI@Z    c0004215 f   CommonLib:string.obj
 0001:00003e39       ?memset@@YAPAXPAXDI@Z      c0004239 f   CommonLib:string.obj
 0001:00003e52       ?strchr@@YAPADPADH@Z       c0004252 f   CommonLib:string.obj
 0001:00003e6c       ?strcmp@@YAHPBD0@Z         c000426c f   CommonLib:string.obj
 0001:00003eab       ?strcpy@@YAPADPADPBD@Z     c00042ab f   CommonLib:string.obj
 0001:00003ec4       ?strlen@@YAIPBD@Z          c00042c4 f   CommonLib:string.obj
 0001:00003ed3       ?strncpy@@YAPADPADPBDI@Z   c00042d3 f   CommonLib:string.obj
 0001:00003efa       ?itoa@@YAXIIPAD@Z          c00042fa f   CommonLib:sprintf.obj
 0001:00003f56       ?itoa_s@@YAXHIPAD@Z        c0004356 f   CommonLib:sprintf.obj
 0001:00003f7e       ?itoa_s@@YAXIIPAD@Z        c000437e f   CommonLib:sprintf.obj
 0001:00003f8a       ?sprintf@@YAHPADPBDZZ      c000438a f   CommonLib:sprintf.obj
 0001:00003fa0       ?Exit@@YAXXZ               c00043a0 f   CommonLib:cstd.obj
 0001:00003fc7       ?InitializeConstructors@@YAXXZ c00043c7 f   CommonLib:cstd.obj
 0001:00003fde       ?_atexit_init@@YAXXZ       c00043de f   CommonLib:cstd.obj
 0001:00003ff3       ?_initterm@@YAXPAP6AXXZ0@Z c00043f3 f   CommonLib:cstd.obj
 0001:00004029       _atexit                    c0004429 f   CommonLib:cstd.obj
 0001:0000405a       ?vsprintf@@YAHPADPBDPAE@Z  c000445a f   CommonLib:stdio.obj
 0002:00000304       ??_7ConsoleManager@@6B@    c0004b04     ConsoleManager.obj
 0002:000005e0       __xmm@00200020002000200020002000200020 c0004de0     DebugDisplay.obj
 0002:000009a0       ??_7Plane@@6B@             c00051a0     Plane.obj
 0002:000009a8       ??_7Process@@6B@           c00051a8     Process.obj
 0002:000009f0       ??_7ProcessManager@@6B@    c00051f0     ProcessManager.obj
 0002:00000b3c       ??_7Thread@@6B@            c000533c     Thread.obj
 0002:00000b40       ??_7ZetPlane@@6B@          c0005340     ZetPlane.obj
 0003:00000000       ?__xc_a@@3PAP6AXXZA        c0005600     CommonLib:cstd.obj
 0003:00000008       ?__xc_z@@3PAP6AXXZA        c0005608     CommonLib:cstd.obj
 0003:00000018       ?IDE_CON_BSY@@3EA          c0005618     Harddisk.obj
 0003:00000019       ?IDE_CON_DRDY@@3EA         c0005619     Harddisk.obj
 0003:0000001a       ?IDE_CON_DF@@3EA           c000561a     Harddisk.obj
 0003:0000001b       ?IDE_CON_DSC@@3EA          c000561b     Harddisk.obj
 0003:0000001c       ?IDE_CON_DRQ@@3EA          c000561c     Harddisk.obj
 0003:0000001d       ?IDE_CON_CORR@@3EA         c000561d     Harddisk.obj
 0003:0000001e       ?IDE_CON_IDX@@3EA          c000561e     Harddisk.obj
 0003:00000184       ?bchars@@3PADA             c0005784     CommonLib:sprintf.obj
 0003:00000194       __fltused                  c0005794     CommonLib:cstd.obj
 0003:000001a0       ?kkk@@3HA                  c00057a0     ConsoleManager.obj
 0003:000001ac       ?g_kernelSize@@3IA         c00057ac     entry.obj
 0003:000001b0       ?_FSysFat@@3U_FILE_SYSTEM@@A c00057b0     fat12.obj
 0003:000001cc       ?_MountInfo@@3U_MOUNT_INFO@@A c00057cc     fat12.obj
 0003:000001e8       ?FAT@@3PAEA                c00057e8     fat12.obj
 0003:000005f0       ?_FileSystems@@3PAPAU_FILE_SYSTEM@@A c0005bf0     fsys.obj
 0003:000006b6       ?IDE_CON_ERR@@3EA          c0005cb6     Harddisk.obj
 0003:00000ec0       ?kheap@@3Uheap_t@@A        c00064c0     kheap.obj
 0003:00000eec       ?systemOn@@3_NA            c00064ec     main.obj
 0003:00000ef0       ?pHeapPhys@@3PAXA          c00064f0     main.obj
 0003:00000ef4       ?console@@3VConsole@@A     c00064f4     main.obj
 0003:00000f28       ?_cur_directory@@3PAUpdirectory@@A c0006528     mmngr_virtual.obj
 0003:00000f2c       ?_cur_pdbr@@3IA            c000652c     mmngr_virtual.obj
 0003:00000f30       ?ticks@PIT@@0IA            c0006530     PIT.obj
 0003:00000f38       ?m_pProcessManager@ProcessManager@@2PAV1@A c0006538     ProcessManager.obj
 0003:00000f3c       ?pTest@@3PAVProcess@@A     c000653c     ProcessManager.obj
 0003:00000f40       ?m_pScheduler@Scheduler@@0PAV1@A c0006540     Scheduler.obj
 0003:00000f50       ?TSS@@3Utss_entry@@A       c0006550     tss.obj
 0003:00000fb8       ?tbuf@@3PADA               c00065b8     CommonLib:sprintf.obj

 entry point at        0000:00000000

 Static symbols

 0001:00000000       ??__Econsole@@YAXXZ        c0000400 f   main.obj
 0001:00000d59       $LN16                      c0001159     dma.obj
 0001:00000dd9       $LN16                      c00011d9     dma.obj
 0001:00001b74       ?i86_default_handler@@YAXXZ c0001f74 f   IDT.obj
 0001:00002088       ?header_t_less_than@@YADPAX0@Z c0002488 f   kheap.obj
 0001:0000240c       $LN37                      c000280c     kybrd.obj
 0001:00004200       ??__Fconsole@@YAXXZ        c0004600 f   main.obj
 0002:00000000       $SG4655                    c0004800     ConsoleManager.obj
 0002:0000001d       $SG4696                    c000481d     ConsoleManager.obj
 0002:00000020       $SG4670                    c0004820     ConsoleManager.obj
 0002:00000030       $SG4672                    c0004830     ConsoleManager.obj
 0002:00000034       $SG4684                    c0004834     ConsoleManager.obj
 0002:00000044       $SG4686                    c0004844     ConsoleManager.obj
 0002:00000048       $SG4699                    c0004848     ConsoleManager.obj
 0002:00000060       $SG4700                    c0004860     ConsoleManager.obj
 0002:00000078       $SG4701                    c0004878     ConsoleManager.obj
 0002:0000007c       $SG4702                    c000487c     ConsoleManager.obj
 0002:00000080       $SG4703                    c0004880     ConsoleManager.obj
 0002:00000084       $SG4704                    c0004884     ConsoleManager.obj
 0002:00000088       $SG4717                    c0004888     ConsoleManager.obj
 0002:000000cc       $SG4719                    c00048cc     ConsoleManager.obj
 0002:000000e4       $SG4721                    c00048e4     ConsoleManager.obj
 0002:00000110       $SG4722                    c0004910     ConsoleManager.obj
 0002:00000128       $SG4724                    c0004928     ConsoleManager.obj
 0002:00000150       $SG4725                    c0004950     ConsoleManager.obj
 0002:00000154       $SG4726                    c0004954     ConsoleManager.obj
 0002:00000170       $SG4737                    c0004970     ConsoleManager.obj
 0002:00000194       $SG4743                    c0004994     ConsoleManager.obj
 0002:000001a8       $SG4746                    c00049a8     ConsoleManager.obj
 0002:000001c4       $SG4752                    c00049c4     ConsoleManager.obj
 0002:000001cc       $SG4755                    c00049cc     ConsoleManager.obj
 0002:000001d4       $SG4758                    c00049d4     ConsoleManager.obj
 0002:000001d8       $SG4761                    c00049d8     ConsoleManager.obj
 0002:000001e0       $SG4762                    c00049e0     ConsoleManager.obj
 0002:000001f8       $SG4763                    c00049f8     ConsoleManager.obj
 0002:00000220       $SG4764                    c0004a20     ConsoleManager.obj
 0002:0000023c       $SG4765                    c0004a3c     ConsoleManager.obj
 0002:0000025c       $SG4766                    c0004a5c     ConsoleManager.obj
 0002:00000274       $SG4767                    c0004a74     ConsoleManager.obj
 0002:000002ac       $SG4768                    c0004aac     ConsoleManager.obj
 0002:000002c4       $SG4771                    c0004ac4     ConsoleManager.obj
 0002:000002cc       $SG4774                    c0004acc     ConsoleManager.obj
 0002:000002d8       $SG4777                    c0004ad8     ConsoleManager.obj
 0002:000002e0       $SG4780                    c0004ae0     ConsoleManager.obj
 0002:000002e8       $SG4783                    c0004ae8     ConsoleManager.obj
 0002:000002f0       $SG4784                    c0004af0     ConsoleManager.obj
 0002:00000308       $SG2975                    c0004b08     DebugDisplay.obj
 0002:000004a0       $SG2989                    c0004ca0     DebugDisplay.obj
 0002:000005c4       $SG2990                    c0004dc4     DebugDisplay.obj
 0002:000005f0       $SG3044                    c0004df0     entry.obj
 0002:00000628       $SG3107                    c0004e28     exception.obj
 0002:0000066c       $SG3116                    c0004e6c     exception.obj
 0002:00000678       $SG3125                    c0004e78     exception.obj
 0002:00000684       $SG3134                    c0004e84     exception.obj
 0002:00000694       $SG3143                    c0004e94     exception.obj
 0002:000006a4       $SG3152                    c0004ea4     exception.obj
 0002:000006b8       $SG3161                    c0004eb8     exception.obj
 0002:000006c8       $SG3170                    c0004ec8     exception.obj
 0002:000006dc       $SG3180                    c0004edc     exception.obj
 0002:000006ec       $SG3190                    c0004eec     exception.obj
 0002:000006f8       $SG3200                    c0004ef8     exception.obj
 0002:00000708       $SG3210                    c0004f08     exception.obj
 0002:00000714       $SG3220                    c0004f14     exception.obj
 0002:00000730       $SG3238                    c0004f30     exception.obj
 0002:0000073c       $SG3248                    c0004f3c     exception.obj
 0002:0000074c       $SG3257                    c0004f4c     exception.obj
 0002:0000075c       $SG3266                    c0004f5c     exception.obj
 0002:0000076c       $SG3063                    c0004f6c     fat12.obj
 0002:00000774       $SG3727                    c0004f74     Harddisk.obj
 0002:00000780       $SG3729                    c0004f80     Harddisk.obj
 0002:00000790       $SG3731                    c0004f90     Harddisk.obj
 0002:000007a8       $SG3733                    c0004fa8     Harddisk.obj
 0002:000007c0       $SG3735                    c0004fc0     Harddisk.obj
 0002:000007d4       $SG3737                    c0004fd4     Harddisk.obj
 0002:000007e4       $SG3862                    c0004fe4     Harddisk.obj
 0002:000007f8       $SG3864                    c0004ff8     Harddisk.obj
 0002:00000814       $SG3870                    c0005014     Harddisk.obj
 0002:00000828       $SG3872                    c0005028     Harddisk.obj
 0002:00000850       $SG3875                    c0005050     Harddisk.obj
 0002:00000854       $SG3878                    c0005054     Harddisk.obj
 0002:00000858       $SG3881                    c0005058     Harddisk.obj
 0002:0000085c       ?IDE_Con_IOBases@@3QAY01$$CBGA c000505c     Harddisk.obj
 0002:0000086c       $SG2889                    c000506c     IDT.obj
 0002:00000874       $SG5555                    c0005074     main.obj
 0002:00000899       $SG5565                    c0005099     main.obj
 0002:0000089c       $SG5556                    c000509c     main.obj
 0002:000008b4       $SG5557                    c00050b4     main.obj
 0002:000008d8       $SG5558                    c00050d8     main.obj
 0002:000008f8       $SG5559                    c00050f8     main.obj
 0002:000008fc       $SG5560                    c00050fc     main.obj
 0002:00000928       $SG5561                    c0005128     main.obj
 0002:0000092c       $SG5562                    c000512c     main.obj
 0002:00000948       $SG5564                    c0005148     main.obj
 0002:00000968       $SG5641                    c0005168     main.obj
 0002:00000974       $SG5642                    c0005174     main.obj
 0002:00000978       $SG2877                    c0005178     mmngr_phys.obj
 0002:00000980       $SG2879                    c0005180     mmngr_phys.obj
 0002:00000988       $SG2891                    c0005188     mmngr_phys.obj
 0002:000009ac       $SG4345                    c00051ac     ProcessManager.obj
 0002:000009ad       $SG4430                    c00051ad     ProcessManager.obj
 0002:000009ae       $SG4444                    c00051ae     ProcessManager.obj
 0002:000009af       $SG4447                    c00051af     ProcessManager.obj
 0002:000009b0       $SG4346                    c00051b0     ProcessManager.obj
 0002:000009cc       $SG4445                    c00051cc     ProcessManager.obj
 0002:000009d6       $SG4499                    c00051d6     ProcessManager.obj
 0002:000009d7       $SG4500                    c00051d7     ProcessManager.obj
 0002:000009d8       $SG4446                    c00051d8     ProcessManager.obj
 0002:000009f4       $SG4689                    c00051f4     Scheduler.obj
 0002:000009f5       $SG4690                    c00051f5     Scheduler.obj
 0002:000009f6       $SG4696                    c00051f6     Scheduler.obj
 0002:000009f7       $SG4702                    c00051f7     Scheduler.obj
 0002:000009f8       $SG4695                    c00051f8     Scheduler.obj
 0002:00000a0c       $SG4697                    c000520c     Scheduler.obj
 0002:00000a18       $SG4698                    c0005218     Scheduler.obj
 0002:00000a24       $SG4699                    c0005224     Scheduler.obj
 0002:00000a30       $SG4700                    c0005230     Scheduler.obj
 0002:00000a3c       $SG4701                    c000523c     Scheduler.obj
 0002:00000a48       $SG4618                    c0005248     task.obj
 0002:00000a5d       $SG4619                    c000525d     task.obj
 0002:00000a5e       $SG4620                    c000525e     task.obj
 0002:00000a5f       $SG4643                    c000525f     task.obj
 0002:00000a60       $SG4621                    c0005260     task.obj
 0002:00000a84       $SG4645                    c0005284     task.obj
 0002:00000a9f       $SG4646                    c000529f     task.obj
 0002:00000aa0       $SG4647                    c00052a0     task.obj
 0002:00000abc       $SG4648                    c00052bc     task.obj
 0002:00000ae0       $SG4659                    c00052e0     task.obj
 0002:00000ae1       $SG4669                    c00052e1     task.obj
 0002:00000ae2       $SG4730                    c00052e2     task.obj
 0002:00000ae4       $SG4660                    c00052e4     task.obj
 0002:00000b00       $SG4661                    c0005300     task.obj
 0002:00000b1c       $SG4731                    c000531c     task.obj
 0002:00000b2c       $SG4732                    c000532c     task.obj
 0003:00000004       ?console$initializer$@@3P6AXXZA c0005604     main.obj
 0003:00000010       ?video_memory@@3PAGA       c0005610     DebugDisplay.obj
 0003:00000014       ?sickpc@@3PADA             c0005614     DebugDisplay.obj
 0003:00000020       ?_kkybrd_scancode_std@@3PAHA c0005620     kybrd.obj
 0003:0000016c       ?_syscalls@@3PAPAXA        c000576c     sysapi.obj
 0003:00000198       ?max_atexitlist_entries@@3IA c0005798     CommonLib:cstd.obj
 0003:000001a4       ?count@?3??SampleLoop@@YAXXZ@4HA c00057a4     ConsoleManager.obj
 0003:000001a8       ?cursor_x@@3EA             c00057a8     DebugDisplay.obj
 0003:000001a9       ?cursor_y@@3EA             c00057a9     DebugDisplay.obj
 0003:000001aa       ?_color@@3EA               c00057aa     DebugDisplay.obj
 0003:000005e8       ?_CurrentDrive@@3EA        c0005be8     flpydsk.obj
 0003:000005e9       ?_FloppyDiskIRQ@@3EC       c0005be9     flpydsk.obj
 0003:00000658       ?i@?1??volRegisterFileSystem@@YAXPAU_FILE_SYSTEM@@I@Z@4HA c0005c58     fsys.obj
 0003:00000660       ?_gdt@@3PAUgdt_descriptor@@A c0005c60     GDT.obj
 0003:000006b0       ?_gdtr@@3Ugdtr@@A          c0005cb0     GDT.obj
 0003:000006b8       ?_idt@@3PAUidt_descriptor@@A c0005cb8     IDT.obj
 0003:00000eb8       ?_idtr@@3Uidtr@@A          c00064b8     IDT.obj
 0003:00000ede       ?_scancode@@3DA            c00064de     kybrd.obj
 0003:00000edf       ?_numlock@@3_NA            c00064df     kybrd.obj
 0003:00000ee0       ?_scrolllock@@3_NA         c00064e0     kybrd.obj
 0003:00000ee1       ?_capslock@@3_NA           c00064e1     kybrd.obj
 0003:00000ee2       ?_shift@@3_NA              c00064e2     kybrd.obj
 0003:00000ee3       ?_alt@@3_NA                c00064e3     kybrd.obj
 0003:00000ee4       ?_ctrl@@3_NA               c00064e4     kybrd.obj
 0003:00000ee5       ?_kkybrd_bat_res@@3_NA     c00064e5     kybrd.obj
 0003:00000ee6       ?_kkybrd_diag_res@@3_NA    c00064e6     kybrd.obj
 0003:00000ee7       ?_kkybrd_resend_res@@3_NA  c00064e7     kybrd.obj
 0003:00000ee8       ?_kkybrd_disable@@3_NA     c00064e8     kybrd.obj
 0003:00000ee9       ?_extended@?1??i86_kybrd_irq@@YAXXZ@4_NA c00064e9     kybrd.obj
 0003:00000f18       ?_mmngr_memory_size@@3IA   c0006518     mmngr_phys.obj
 0003:00000f1c       ?_mmngr_used_blocks@@3IA   c000651c     mmngr_phys.obj
 0003:00000f20       ?_mmngr_max_blocks@@3IA    c0006520     mmngr_phys.obj
 0003:00000f24       ?_mmngr_memory_map@@3PAIA  c0006524     mmngr_phys.obj
 0003:00000f34       ?_pit_ticks@@3IC           c0006534     PIT.obj
 0003:00000f44       ?idx@?1??syscall_dispatcher@@YAXXZ@4IA c0006544     sysapi.obj
 0003:00000f48       ?fnct@?1??syscall_dispatcher@@YAXXZ@4PAXA c0006548     sysapi.obj
 0003:00000fd8       ?pf_atexitlist@@3PAP6AXXZA c00065d8     CommonLib:cstd.obj
 0003:00000fdc       ?cur_atexitlist_entries@@3IA c00065dc     CommonLib:cstd.obj
